python : INFO:RusefiConnector:Handshake 
attempt 1...
At line:1 char:22
+ ... ONPATH="."; python 
backend/tests/test_binary_protocol.py > 
test_outpu ...
+                 ~~~~~~~~~~~~~~~~~~~~~~
~~~~~~~~~~~~~~~~~~~~~~~~~~~~~~~~~~~
    + CategoryInfo          : NotSpecif 
   ied: (INFO:RusefiConn...ke attempt   
  1...:String) [], RemoteException
    + FullyQualifiedErrorId : NativeCom 
   mandError
 
INFO:RusefiConnector:ECU detected: 
rusEFI 
master.2026.02.20.uaefi.4211171972
WARNING:RusefiConnector:Naked 'S' 
worked but framed 'O' failed. CRC or 
framing issue?
INFO:RusefiConnector:Handshake attempt 
2...
INFO:RusefiConnector:ECU detected: 
rusEFI 
master.2026.02.20.uaefi.4211171972
WARNING:RusefiConnector:Naked 'S' 
worked but framed 'O' failed. CRC or 
framing issue?
INFO:RusefiConnector:Handshake attempt 
3...
INFO:RusefiConnector:ECU detected: 
rusEFI 
master.2026.02.20.uaefi.4211171972
WARNING:RusefiConnector:Naked 'S' 
worked but framed 'O' failed. CRC or 
framing issue?

[STEP 1] Connecting to Simulator on 127.0.0.1:29001...
Traceback (most recent call last):
  File "C:\Users\Rezi\.gemini\antigravit
y\scratch\basetune_architect\backend\tes
ts\test_binary_protocol.py", line 51, 
in <module>
    test_binary_protocol_full_sequence()
  File "C:\Users\Rezi\.gemini\antigravit
y\scratch\basetune_architect\backend\tes
ts\test_binary_protocol.py", line 16, 
in test_binary_protocol_full_sequence
    pytest.fail("Failed to connect to 
simulator handshaking failed.")
  File "C:\Users\Rezi\AppData\Local\Prog
rams\Python\Python312\Lib\site-packages\
_pytest\outcomes.py", line 163, in 
__call__
    raise Failed(msg=reason, 
pytrace=pytrace)
Failed: Failed to connect to simulator 
handshaking failed.
