============================= test session starts =============================
platform win32 -- Python 3.12.10, pytest-9.0.2, pluggy-1.6.0 -- C:\Users\Rezi\AppData\Local\Programs\Python\Python312\python.exe
cachedir: .pytest_cache
rootdir: C:\Users\Rezi\.gemini\antigravity\scratch\basetune_architect
plugins: anyio-4.12.0, langsmith-0.6.7, asyncio-1.3.0, typeguard-4.4.4
asyncio: mode=Mode.STRICT, debug=False, asyncio_default_fixture_loop_scope=None, asyncio_default_test_loop_scope=function
collecting ... collected 1 item

backend/tests/test_binary_protocol.py::test_binary_protocol_full_sequence 
[STEP 1] Connecting to Simulator on 127.0.0.1:29001...

-------------------------------- live log call --------------------------------
INFO     RusefiConnector:rusefi_connector.py:192 Handshake attempt 1...
DEBUG    RusefiConnector:rusefi_connector.py:90 TX HEX: 53
DEBUG    RusefiConnector:rusefi_connector.py:121 RX HEX: 727573454649206d61737465722e323032362e30322e32302e75616566692e3432313131373139373200
INFO     RusefiConnector:rusefi_connector.py:204 ECU detected: rusEFI master.2026.02.20.uaefi.4211171972
DEBUG    RusefiConnector:rusefi_connector.py:90 TX HEX: 00054f00000800d458b28d
DEBUG    RusefiConnector:rusefi_connector.py:121 RX HEX: 0009
DEBUG    RusefiConnector:rusefi_connector.py:121 RX HEX: 0010150000b0040000b52f70aa
INFO     RusefiConnector:rusefi_connector.py:215 Binary protocol established (LE CRC & Parameters OK)
Connected! Signature: rusEFI master.2026.02.20.uaefi.4211171972

[STEP 2] Requesting Live Data (Framed 'O' @ 2080 bytes)
DEBUG    RusefiConnector:rusefi_connector.py:90 TX HEX: 00054f0000200887de9415
DEBUG    RusefiConnector:rusefi_connector.py:121 RX HEX: 0821
DEBUG    RusefiConnector:rusefi_connector.py:121 RX HEX: 0010150000b00400000000000000000000000000000000000000000000000000000000000000000000b036000028121a0aff00803f001100000101ae65970700008a26000000000001400600000000000000000000dfc4c202da030000040000007c25350100000000000000000000000000000000000000000000000000000000000000000000000000000000000000000000000000000000000000000000000000000000000000000000000000000000000000000000000000000000000000000000000000000000000000000000000000000000000000000000000000000000000000000000000000000000000000000000000000000000000000000000000000000000000000000000000044ba0000000000000000000000000000000000007d037d037d037d03000000000000000000000000000000000000000000000000000000008501b004000000000000000000000000d90203000000000000000000000000000000000000000000000000000000000058020000000000000a56000000000000eb76000000000000000000000000000000000000000000000000000000000000000000000000000000000000030000000000000000000000000000000000000000000000000000000000000000000000000000000000000000000000000000006ce739c300800000e803b1dbbe0400000000000000000000e8030000be040000258632440080000028230080be0400000000000000000000e8030000be04000000000000000000000000000000000000000000000000000000000000000000000000000000000000000000000000000000000000000000000000000000000000000000000000000000000000000000000000000000000000000000000000000000000000000000000000000000000000000000000000000000000000000000000000000000000000000000000000001588b80000000000000000000000000000000000000000000000000000000000000000000000000000000000000000000010270000000000000000000000000000da03da03000000000000000000000000000000000000000000000000000000000000000000000000000000000000000000000000000000000000000000000000000000000000000000000000000000000000ffffffff0000000000000000000000000000000000000000000000000000000000000000000000000000000000000000803f0000803f0000803f0000803f77cc2b422e072e07701710276c396c3900000000bd5e8a3e9b8d3342000000000000000000008040000080406666e64100000000000000007d037d03000000000000803f000000000000803f000000009203b004ffff00000000704200000000000000000000000000000000000000000000a0c1000000000000a041000000000000000000000000000000000000000000000000000000000000000000000000000000000000000000000000000000000000000000000000000000000000000000000000000000000000000000000000000000000000000000000000000000000000000000000000917ad4417ed63b41000000000600000000409c450000000000000000000000002bdc2f4452b8e74352b8e7438fc2753f0000000000000000000000000000000000000000000000000000000000000000000000000000000000000000e0010000000000000000803f0000000000000000000000000000000000000000000000000800000000000000480100000500000048010000050000000e000000060000005d9b963c5d9b963c5d9b963c5d9b963c0000000000000000000000000000000000000000000000000000000000000000000000000000803f0000000000000000339388436666c63f0000803f8c0a59100000803f0000000000000000080000000000000044448d420000000000000000000000003b9a00002a9a00000000704200007042701758020000000400000000295c7f3f0000803f0000803f0000000000000000000000000000000000000000140000000000000000000000000000000000000000000000000000000000eb76000000008b2600008b2600008a2600008a260000144d0000000000000000000000000000620000000000000000001644008044bd00000000000000000000000000000000154d0000000000002586b2436ce7b942000000002586b2c300000000cc8a813f50000000000000000000000000000000000000000000000000000000000000000000000000000000000000000000000000000000000000000000000000000000000000000000000000000000000000000000000000000000000000000000000000000000000000000000000000000000000000000000000000000000000000000000000000000000000000000000000000000000010000000100000000000000c6229f3c00000000000000000000004100000000000094420000000000010000b004dc0572060000b0040000000000000000000000000000b004000000000000000094420000000000000000000000000000000000000000000000000000000000000000000000000000000000000000000000000000000002020000000009000000000000000000000000000000000000000000000000000000000000000000000000000000000000000000000000000202000000000900070000000e0000000000000000000000070000000e0000000000000000000000000000000000000000000000000000000000000000001400010000000000000000000000000000000000000000000000000000000000000000000000000000000000803f0000803f00000000000000000000010101000000000000000000000000000000000000007d38c0fe
RPM: N/A
MAP: N/A
FAILED

================================== FAILURES ===================================
_____________________ test_binary_protocol_full_sequence ______________________

    def test_binary_protocol_full_sequence():
        client = RusefiTunerClient()
    
        print("\n[STEP 1] Connecting to Simulator on 127.0.0.1:29001...")
        connected = client.connect_tcp("127.0.0.1", 29001)
    
        if not connected:
            pytest.fail("Failed to connect to simulator handshaking failed.")
    
        print(f"Connected! Signature: {client.last_connected_signature}")
        assert "rusEFI" in client.last_connected_signature
        # STEP 2: Live Data (Framed 'O' with LE params)
        print("\n[STEP 2] Requesting Live Data (Framed 'O' @ 2080 bytes)")
        data = client.get_live_data()
        print(f"RPM: {data.get('rpm', 'N/A')}")
        print(f"MAP: {data.get('map', 'N/A')}")
    
        # Assert we got some data
>       assert data.get('connected') == True, "OCH request failed"
E       AssertionError: OCH request failed
E       assert None == True
E        +  where None = <built-in method get of dict object at 0x00000226714C8980>('connected')
E        +    where <built-in method get of dict object at 0x00000226714C8980> = {'RPM': 0, 'packet_size': 2080, 'raw': '10150000b00400000000000000000000000000000000000000000000000000000000000000000000b036000028121a0aff00803f001100000101ae65970700008a26000000000001400600000000000000000000dfc4c202da030000040000007c25350100000000000000000000000000000000000000000000000000000000000000000000000000000000000000000000000000000000000000000000000000000000000000000000000000000000000000000000000000000000000000000000000000000000000000000000000000000000000000000000000000000000000000000000000000000000000000000000000000000000000000000000000000000000000000000000000044ba0000000000000000000000000000000000007d037d037d037d03000000000000000000000000000000000000000000000000000000008501b004000000000000000000000000d90203000000000000000000000000000000000000000000000000000000000058020000000000000a56000000000000eb76000000000000000000000000000000000000000000000000000000000000000000000000000000000000030000000000000000000000000000000000000000000000000000000000000000000000000000000000000000000000000000006ce739c300800000e803b1dbbe0400000000000000000000e8030000be040000258632440080000028230080be0400000000000000000000e8030000be04000000000000000000000000000000000000000000000000000000000000000000...00000000000000000eb76000000008b2600008b2600008a2600008a260000144d0000000000000000000000000000620000000000000000001644008044bd00000000000000000000000000000000154d0000000000002586b2436ce7b942000000002586b2c300000000cc8a813f50000000000000000000000000000000000000000000000000000000000000000000000000000000000000000000000000000000000000000000000000000000000000000000000000000000000000000000000000000000000000000000000000000000000000000000000000000000000000000000000000000000000000000000000000000000000000000000000000000000010000000100000000000000c6229f3c00000000000000000000004100000000000094420000000000010000b004dc0572060000b0040000000000000000000000000000b004000000000000000094420000000000000000000000000000000000000000000000000000000000000000000000000000000000000000000000000000000002020000000009000000000000000000000000000000000000000000000000000000000000000000000000000000000000000000000000000202000000000900070000000e0000000000000000000000070000000e0000000000000000000000000000000000000000000000000000000000000000001400010000000000000000000000000000000000000000000000000000000000000000000000000000000000803f0000803f0000000000000000000001010100000000000000000000000000000000000000', 'status': 'ok'}.get

backend\tests\test_binary_protocol.py:27: AssertionError
------------------------------ Captured log call ------------------------------
INFO     RusefiConnector:rusefi_connector.py:192 Handshake attempt 1...
DEBUG    RusefiConnector:rusefi_connector.py:90 TX HEX: 53
DEBUG    RusefiConnector:rusefi_connector.py:121 RX HEX: 727573454649206d61737465722e323032362e30322e32302e75616566692e3432313131373139373200
INFO     RusefiConnector:rusefi_connector.py:204 ECU detected: rusEFI master.2026.02.20.uaefi.4211171972
DEBUG    RusefiConnector:rusefi_connector.py:90 TX HEX: 00054f00000800d458b28d
DEBUG    RusefiConnector:rusefi_connector.py:121 RX HEX: 0009
DEBUG    RusefiConnector:rusefi_connector.py:121 RX HEX: 0010150000b0040000b52f70aa
INFO     RusefiConnector:rusefi_connector.py:215 Binary protocol established (LE CRC & Parameters OK)
DEBUG    RusefiConnector:rusefi_connector.py:90 TX HEX: 00054f0000200887de9415
DEBUG    RusefiConnector:rusefi_connector.py:121 RX HEX: 0821
DEBUG    RusefiConnector:rusefi_connector.py:121 RX HEX: 0010150000b00400000000000000000000000000000000000000000000000000000000000000000000b036000028121a0aff00803f001100000101ae65970700008a26000000000001400600000000000000000000dfc4c202da030000040000007c25350100000000000000000000000000000000000000000000000000000000000000000000000000000000000000000000000000000000000000000000000000000000000000000000000000000000000000000000000000000000000000000000000000000000000000000000000000000000000000000000000000000000000000000000000000000000000000000000000000000000000000000000000000000000000000000000000044ba0000000000000000000000000000000000007d037d037d037d03000000000000000000000000000000000000000000000000000000008501b004000000000000000000000000d90203000000000000000000000000000000000000000000000000000000000058020000000000000a56000000000000eb76000000000000000000000000000000000000000000000000000000000000000000000000000000000000030000000000000000000000000000000000000000000000000000000000000000000000000000000000000000000000000000006ce739c300800000e803b1dbbe0400000000000000000000e8030000be040000258632440080000028230080be0400000000000000000000e8030000be04000000000000000000000000000000000000000000000000000000000000000000000000000000000000000000000000000000000000000000000000000000000000000000000000000000000000000000000000000000000000000000000000000000000000000000000000000000000000000000000000000000000000000000000000000000000000000000000000001588b80000000000000000000000000000000000000000000000000000000000000000000000000000000000000000000010270000000000000000000000000000da03da03000000000000000000000000000000000000000000000000000000000000000000000000000000000000000000000000000000000000000000000000000000000000000000000000000000000000ffffffff0000000000000000000000000000000000000000000000000000000000000000000000000000000000000000803f0000803f0000803f0000803f77cc2b422e072e07701710276c396c3900000000bd5e8a3e9b8d3342000000000000000000008040000080406666e64100000000000000007d037d03000000000000803f000000000000803f000000009203b004ffff00000000704200000000000000000000000000000000000000000000a0c1000000000000a041000000000000000000000000000000000000000000000000000000000000000000000000000000000000000000000000000000000000000000000000000000000000000000000000000000000000000000000000000000000000000000000000000000000000000000000000917ad4417ed63b41000000000600000000409c450000000000000000000000002bdc2f4452b8e74352b8e7438fc2753f0000000000000000000000000000000000000000000000000000000000000000000000000000000000000000e0010000000000000000803f0000000000000000000000000000000000000000000000000800000000000000480100000500000048010000050000000e000000060000005d9b963c5d9b963c5d9b963c5d9b963c0000000000000000000000000000000000000000000000000000000000000000000000000000803f0000000000000000339388436666c63f0000803f8c0a59100000803f0000000000000000080000000000000044448d420000000000000000000000003b9a00002a9a00000000704200007042701758020000000400000000295c7f3f0000803f0000803f0000000000000000000000000000000000000000140000000000000000000000000000000000000000000000000000000000eb76000000008b2600008b2600008a2600008a260000144d0000000000000000000000000000620000000000000000001644008044bd00000000000000000000000000000000154d0000000000002586b2436ce7b942000000002586b2c300000000cc8a813f50000000000000000000000000000000000000000000000000000000000000000000000000000000000000000000000000000000000000000000000000000000000000000000000000000000000000000000000000000000000000000000000000000000000000000000000000000000000000000000000000000000000000000000000000000000000000000000000000000000010000000100000000000000c6229f3c00000000000000000000004100000000000094420000000000010000b004dc0572060000b0040000000000000000000000000000b004000000000000000094420000000000000000000000000000000000000000000000000000000000000000000000000000000000000000000000000000000002020000000009000000000000000000000000000000000000000000000000000000000000000000000000000000000000000000000000000202000000000900070000000e0000000000000000000000070000000e0000000000000000000000000000000000000000000000000000000000000000001400010000000000000000000000000000000000000000000000000000000000000000000000000000000000803f0000803f00000000000000000000010101000000000000000000000000000000000000007d38c0fe
=========================== short test summary info ===========================
FAILED backend/tests/test_binary_protocol.py::test_binary_protocol_full_sequence
============================== 1 failed in 1.80s ==============================
