============================= test session starts =============================
platform win32 -- Python 3.12.10, pytest-9.0.2, pluggy-1.6.0
rootdir: C:\Users\Rezi\.gemini\antigravity\scratch\basetune_architect\backend
plugins: anyio-4.12.0, langsmith-0.6.7, asyncio-1.3.0, typeguard-4.4.4
asyncio: mode=Mode.STRICT, debug=False, asyncio_default_fixture_loop_scope=None, asyncio_default_test_loop_scope=function
collected 8 items

tests\test_api.py ........                                               [100%]

============================== warnings summary ===============================
tests/test_api.py::test_analyze_and_apply
  C:\Users\Rezi\AppData\Local\Programs\Python\Python312\Lib\site-packages\pydantic\main.py:250: DeprecationWarning: datetime.datetime.utcnow() is deprecated and scheduled for removal in a future version. Use timezone-aware objects to represent datetimes in UTC: datetime.datetime.now(datetime.UTC).
    validated_self = self.__pydantic_validator__.validate_python(data, self_instance=self)

tests/test_api.py::test_analyze_and_apply
  C:\Users\Rezi\AppData\Local\Programs\Python\Python312\Lib\site-packages\sqlalchemy\sql\schema.py:3624: DeprecationWarning: datetime.datetime.utcnow() is deprecated and scheduled for removal in a future version. Use timezone-aware objects to represent datetimes in UTC: datetime.datetime.now(datetime.UTC).
    return util.wrap_callable(lambda ctx: fn(), fn)  # type: ignore

-- Docs: https://docs.pytest.org/en/stable/how-to/capture-warnings.html
======================== 8 passed, 2 warnings in 0.46s ========================
